C51 COMPILER V9.60.0.0   DIGITALPROCESSINDICATOR                                           11/17/2021 12:10:13 PAGE 1   


C51 COMPILER V9.60.0.0, COMPILATION OF MODULE DIGITALPROCESSINDICATOR
OBJECT MODULE PLACED IN .\Objects\DigitalProcessIndicator.obj
COMPILER INVOKED BY: C:\Keil_v5\C51\BIN\C51.EXE DigitalProcessIndicator.c OPTIMIZE(8,SPEED) BROWSE DEBUG OBJECTEXTEND PR
                    -INT(.\Listings\DigitalProcessIndicator.lst) TABS(2) OBJECT(.\Objects\DigitalProcessIndicator.obj)

line level    source

   1          //----------------------------------------------------------------------------//
   2          //-----------------------RPM INDICATOR 2021-----------------------------------//
   3          //-----17-11-21----------------------------------------G BLESSEN DANIELRAJ----//
   4          //----------------------------------------------------------------------------//
   5          
   6          //----------------------------------------------------------------------------//
   7          //                          INCLUDE FILES
   8          //----------------------------------------------------------------------------//
   9          #include "P89V51Rx2.H"
  10          #include "SEVENSEGMENT.H"
  11          #include "TimerCounter.h"
  12          #include "DAC420.h"
  13          
  14          //-----------------------------------------------------------------------------
  15          //                        FUNCTION PROTOTYPE
  16          //-----------------------------------------------------------------------------
  17          void delay(unsigned int d);
  18          void BlinkPIN();
  19          void Timer00();
  20          void Blink();
  21          //-----------------------------------------------------------------------------
  22          //                          MAIN Routine
  23          //-----------------------------------------------------------------------------
  24          int main()
  25          {
  26   1        DisplayStartup(); 
  27   1        Counter01();
  28   1        Timer00();
  29   1        while(1)
  30   1        {
  31   2          DisplayVAL(TempMain);
  32   2          writeValue(TempMain);
  33   2        }
  34   1      }
  35          
  36          //-----------------------------------------------------------------------------
  37          //                            END OF PROGRAM
  38          //-----------------------------------------------------------------------------


MODULE INFORMATION:   STATIC OVERLAYABLE
   CODE SIZE        =    717    ----
   CONSTANT SIZE    =     10    ----
   XDATA SIZE       =   ----    ----
   PDATA SIZE       =   ----    ----
   DATA SIZE        =      8       8
   IDATA SIZE       =   ----    ----
   BIT SIZE         =   ----    ----
END OF MODULE INFORMATION.


C51 COMPILATION COMPLETE.  0 WARNING(S),  0 ERROR(S)
